

*******************************************************************************
Wed Oct 28 12:51:51 2020


FIT:    data read from "<./oscillatore.exe 7 0.01 5 <input.dat | grep LAST"
        format = z
        #datapoints = 5
        residuals are weighted equally (unit weight)

function used for fitting: f(x)
	f(x)=a+b*x+c*x**2+d*x**3+f*x**4+g*x**5
fitted parameters initialized with current variable values

BREAK: Number of data points smaller than number of parameters

*******************************************************************************
Wed Oct 28 12:52:16 2020


FIT:    data read from "<./oscillatore.exe 7 0.01 5 <input.dat | grep LAST"
        format = z
        #datapoints = 5
        residuals are weighted equally (unit weight)

function used for fitting: f(x)
	f(x)=a+b*x+c*x**5
fitted parameters initialized with current variable values

iter      chisq       delta/lim  lambda   a             b             c            
   0 5.0000001031e+20   0.00e+00  5.77e+09    1.000000e+00   1.000000e+00   1.000000e+00
   6 9.8607613153e-31   0.00e+00  5.77e+03    1.000000e+00   1.000000e+00  -1.030623e-08

After 6 iterations the fit converged.
final sum of squares of residuals : 9.86076e-31
abs. change during last iteration : 0


Hmmmm.... Sum of squared residuals is zero. Can't compute errors.

Final set of parameters 
======================= 

a               = 1              
b               = 1              
c               = -1.03062e-08   
