

*******************************************************************************
Wed Oct 14 11:09:56 2020


FIT:    data read from 'energia_frog.dat' using 1:3 skip 0
        format = x:z
        #datapoints = 5
        residuals are weighted equally (unit weight)

function used for fitting: f(x)
	f(x)=a+b*x+c*x**2
fitted parameters initialized with current variable values

iter      chisq       delta/lim  lambda   a             b             c            
   0 1.0298243636e+01   0.00e+00  5.78e-01    1.000000e+00   1.000000e+00   1.000000e+00
   6 1.5834766531e-07  -3.81e-02  5.78e-07   -4.087577e-01   5.098702e-02   3.133647e+00

After 6 iterations the fit converged.
final sum of squares of residuals : 1.58348e-07
rel. change during last iteration : -3.80922e-07

degrees of freedom    (FIT_NDF)                        : 2
rms of residuals      (FIT_STDFIT) = sqrt(WSSR/ndf)    : 0.000281378
variance of residuals (reduced chisquare) = WSSR/ndf   : 7.91738e-08

Final set of parameters            Asymptotic Standard Error
=======================            ==========================
a               = -0.408758        +/- 0.0001989    (0.04866%)
b               = 0.050987         +/- 0.01415      (27.75%)
c               = 3.13365          +/- 0.1384       (4.416%)

correlation matrix of the fit parameters:
                a      b      c      
a               1.000 
b              -0.654  1.000 
c               0.538 -0.972  1.000 


*******************************************************************************
Wed Oct 14 11:16:30 2020


FIT:    data read from 'energia_frog.dat' using 2:3
        format = x:z
        #datapoints = 5
        residuals are weighted equally (unit weight)

function used for fitting: f(x)
	f(x)=a+b*x
fitted parameters initialized with current variable values

iter      chisq       delta/lim  lambda   a             b            
   0 9.8240031301e+00   0.00e+00  7.07e-01    1.000000e+00   1.000000e+00
   6 1.1863895642e-06  -1.36e-06  7.07e-07   -4.082887e-01   3.618269e+00

After 6 iterations the fit converged.
final sum of squares of residuals : 1.18639e-06
rel. change during last iteration : -1.36104e-11

degrees of freedom    (FIT_NDF)                        : 3
rms of residuals      (FIT_STDFIT) = sqrt(WSSR/ndf)    : 0.000628859
variance of residuals (reduced chisquare) = WSSR/ndf   : 3.95463e-07

Final set of parameters            Asymptotic Standard Error
=======================            ==========================
a               = -0.408289        +/- 0.0003362    (0.08233%)
b               = 3.61827          +/- 0.07292      (2.015%)

correlation matrix of the fit parameters:
                a      b      
a               1.000 
b              -0.548  1.000 


*******************************************************************************
Wed Oct 14 11:22:19 2020


FIT:    data read from 'energia_vv.dat' using 1:3
        format = x:z
        #datapoints = 4
        residuals are weighted equally (unit weight)

function used for fitting: f(x)
	f(x)=a+b*x+c*x**2
fitted parameters initialized with current variable values

iter      chisq       delta/lim  lambda   a             b             c            
   0 8.1382890481e+00   0.00e+00  5.78e-01    1.000000e+00   1.000000e+00   1.000000e+00
   8 6.2043292646e-16  -8.15e-05  5.78e-09   -4.090912e-01   1.668068e-04   1.514086e-02

After 8 iterations the fit converged.
final sum of squares of residuals : 6.20433e-16
rel. change during last iteration : -8.14709e-10

degrees of freedom    (FIT_NDF)                        : 1
rms of residuals      (FIT_STDFIT) = sqrt(WSSR/ndf)    : 2.49085e-08
variance of residuals (reduced chisquare) = WSSR/ndf   : 6.20433e-16

Final set of parameters            Asymptotic Standard Error
=======================            ==========================
a               = -0.409091        +/- 2.652e-08    (6.482e-06%)
b               = 0.000166807      +/- 4.894e-06    (2.934%)
c               = 0.0151409        +/- 9.009e-05    (0.595%)

correlation matrix of the fit parameters:
                a      b      c      
a               1.000 
b              -0.834  1.000 
c               0.789 -0.992  1.000 


*******************************************************************************
Wed Oct 14 11:25:29 2020


FIT:    data read from 'energia_vv.dat' using 1:3
        format = x:z
        #datapoints = 5
        residuals are weighted equally (unit weight)

function used for fitting: f(x)
	f(x)=a+b*x+c*x**2
fitted parameters initialized with current variable values

iter      chisq       delta/lim  lambda   a             b             c            
   0 1.0211817049e+01   0.00e+00  5.78e-01    1.000000e+00   1.000000e+00   1.000000e+00
   7 1.3432534883e-12  -1.68e-02  5.78e-08   -4.090904e-01  -2.569651e-05   1.862462e-02

After 7 iterations the fit converged.
final sum of squares of residuals : 1.34325e-12
rel. change during last iteration : -1.67882e-07

degrees of freedom    (FIT_NDF)                        : 2
rms of residuals      (FIT_STDFIT) = sqrt(WSSR/ndf)    : 8.19528e-07
variance of residuals (reduced chisquare) = WSSR/ndf   : 6.71627e-13

Final set of parameters            Asymptotic Standard Error
=======================            ==========================
a               = -0.40909         +/- 6.918e-07    (0.0001691%)
b               = -2.56965e-05     +/- 8.599e-05    (334.6%)
c               = 0.0186246        +/- 0.001648     (8.846%)

correlation matrix of the fit parameters:
                a      b      c      
a               1.000 
b              -0.753  1.000 
c               0.642 -0.973  1.000 


*******************************************************************************
Wed Oct 14 11:28:25 2020


FIT:    data read from 'energia_vv.dat' using 2:3
        format = x:z
        #datapoints = 5
        residuals are weighted equally (unit weight)

function used for fitting: f(x)
	f(x)=a+b*x
fitted parameters initialized with current variable values

iter      chisq       delta/lim  lambda   a             b            
   0 9.9374449547e+00   0.00e+00  7.07e-01    1.000000e+00   1.000000e+00
   7 1.4032290547e-12  -1.05e-06  7.07e-08   -4.090906e-01   1.814576e-02

After 7 iterations the fit converged.
final sum of squares of residuals : 1.40323e-12
rel. change during last iteration : -1.05006e-11

degrees of freedom    (FIT_NDF)                        : 3
rms of residuals      (FIT_STDFIT) = sqrt(WSSR/ndf)    : 6.83917e-07
variance of residuals (reduced chisquare) = WSSR/ndf   : 4.67743e-13

Final set of parameters            Asymptotic Standard Error
=======================            ==========================
a               = -0.409091        +/- 3.799e-07    (9.285e-05%)
b               = 0.0181458        +/- 0.0003194    (1.76%)

correlation matrix of the fit parameters:
                a      b      
a               1.000 
b              -0.593  1.000 


*******************************************************************************
Wed Oct 14 11:48:08 2020


FIT:    data read from 'energia_cromer.dat' u 1:2
        format = x:z
        #datapoints = 5
        residuals are weighted equally (unit weight)

function used for fitting: f(x)
	f(x)=a+b*x
fitted parameters initialized with current variable values

iter      chisq       delta/lim  lambda   a             b            
   0 1.0671061919e+01   0.00e+00  7.08e-01    1.000000e+00   1.000000e+00
   5 2.5334350055e-05  -2.64e-06  7.08e-06   -4.075019e-01  -5.718945e-01

After 5 iterations the fit converged.
final sum of squares of residuals : 2.53344e-05
rel. change during last iteration : -2.64314e-11

degrees of freedom    (FIT_NDF)                        : 3
rms of residuals      (FIT_STDFIT) = sqrt(WSSR/ndf)    : 0.00290599
variance of residuals (reduced chisquare) = WSSR/ndf   : 8.44478e-06

Final set of parameters            Asymptotic Standard Error
=======================            ==========================
a               = -0.407502        +/- 0.001731     (0.4248%)
b               = -0.571895        +/- 0.03445      (6.024%)

correlation matrix of the fit parameters:
                a      b      
a               1.000 
b              -0.661  1.000 


*******************************************************************************
Wed Oct 14 11:49:40 2020


FIT:    data read from 'energia_cromer.dat' u 1:2
        format = x:z
        #datapoints = 4
        residuals are weighted equally (unit weight)

function used for fitting: f(x)
	f(x)=a+b*x
fitted parameters initialized with current variable values

iter      chisq       delta/lim  lambda   a             b            
   0 2.0971910385e-05   0.00e+00  2.88e-01   -4.075019e-01  -5.718945e-01
   5 9.2087720234e-08  -5.98e-05  2.88e-06   -4.088520e-01  -4.584255e-01

After 5 iterations the fit converged.
final sum of squares of residuals : 9.20877e-08
rel. change during last iteration : -5.98028e-10

degrees of freedom    (FIT_NDF)                        : 2
rms of residuals      (FIT_STDFIT) = sqrt(WSSR/ndf)    : 0.000214578
variance of residuals (reduced chisquare) = WSSR/ndf   : 4.60439e-08

Final set of parameters            Asymptotic Standard Error
=======================            ==========================
a               = -0.408852        +/- 0.0001402    (0.0343%)
b               = -0.458426        +/- 0.005473     (1.194%)

correlation matrix of the fit parameters:
                a      b      
a               1.000 
b              -0.644  1.000 


*******************************************************************************
Wed Oct 14 12:32:29 2020


FIT:    data read from 'energia_vp.dat' using 1:3
        format = x:z
        #datapoints = 5
        residuals are weighted equally (unit weight)

function used for fitting: f(x)
	f(x)=a+b*x+c*x**2
fitted parameters initialized with current variable values

iter      chisq       delta/lim  lambda   a             b             c            
   0 1.0295659316e+01   0.00e+00  5.78e-01    1.000000e+00   1.000000e+00   1.000000e+00
   7 4.3908465367e-11  -2.05e-06  5.78e-08   -4.090961e-01   2.739122e-01   4.215279e-01

After 7 iterations the fit converged.
final sum of squares of residuals : 4.39085e-11
rel. change during last iteration : -2.05487e-11

degrees of freedom    (FIT_NDF)                        : 2
rms of residuals      (FIT_STDFIT) = sqrt(WSSR/ndf)    : 4.68553e-06
variance of residuals (reduced chisquare) = WSSR/ndf   : 2.19542e-11

Final set of parameters            Asymptotic Standard Error
=======================            ==========================
a               = -0.409096        +/- 3.312e-06    (0.0008096%)
b               = 0.273912         +/- 0.0002356    (0.08602%)
c               = 0.421528         +/- 0.002304     (0.5467%)

correlation matrix of the fit parameters:
                a      b      c      
a               1.000 
b              -0.654  1.000 
c               0.538 -0.972  1.000 
